// Jest Snapshot v1, https://goo.gl/fbAQLP

exports[`Offer detail correctly renders 1`] = `
<div
  className="page"
>
  <PageHeader />
  <main
    className="page__main page__main--property"
  >
    <section
      className="property"
    >
      <div
        className="property__gallery-container container"
      >
        <div
          className="property__gallery"
        >
          <div
            className="property__image-wrapper"
          >
            <img
              alt="Photo studio"
              className="property__image"
              src="/img/room.jpg"
            />
          </div>
          <div
            className="property__image-wrapper"
          >
            <img
              alt="Photo studio"
              className="property__image"
              src="/img/apartment-01.jpg"
            />
          </div>
          <div
            className="property__image-wrapper"
          >
            <img
              alt="Photo studio"
              className="property__image"
              src="/img/apartment-01.jpg"
            />
          </div>
          <div
            className="property__image-wrapper"
          >
            <img
              alt="Photo studio"
              className="property__image"
              src="/img/studio-01.jpg"
            />
          </div>
        </div>
      </div>
      <div
        className="property__container container"
      >
        <div
          className="property__wrapper"
        >
          <div
            className="property__mark"
          >
            <span>
              Premium
            </span>
          </div>
          <div
            className="property__name-wrapper"
          >
            <h1
              className="property__name"
            >
              Beautiful & luxurious apartment at great location
            </h1>
            <button
              className="property__bookmark-button button place-card__bookmark-button--active"
              onClick={[Function]}
              type="button"
            >
              <svg
                className="place-card__bookmark-icon"
                height="33"
                width="31"
              >
                <use
                  xlinkHref="#icon-bookmark"
                />
              </svg>
              <span
                className="visually-hidden"
              >
                To bookmarks
              </span>
            </button>
          </div>
          <div
            className="property__rating rating"
          >
            <div
              className="property__stars rating__stars"
            >
              <span
                style={
                  Object {
                    "width": "100%",
                  }
                }
              >
                 
              </span>
              <span
                className="visually-hidden"
              >
                Rating
              </span>
            </div>
            <span
              className="property__rating-value rating__value"
            >
              4.5
            </span>
          </div>
          <ul
            className="property__features"
          >
            <li
              className="property__feature property__feature--entire"
            >
              Apartment
            </li>
            <li
              className="property__feature property__feature--bedrooms"
            >
              2
               Bedrooms
            </li>
            <li
              className="property__feature property__feature--adults"
            >
              Max 
              2
               adults
            </li>
          </ul>
          <div
            className="property__price"
          >
            <b
              className="property__price-value"
            >
              €
              80
            </b>
            <span
              className="property__price-text"
            >
               night
            </span>
          </div>
          <div
            className="property__inside"
          >
            <h2
              className="property__inside-title"
            >
              What's inside
            </h2>
            <ul
              className="property__inside-list"
            >
              <li
                className="property__inside-item"
              >
                Heating
              </li>
              <li
                className="property__inside-item"
              >
                Kitchen
              </li>
              <li
                className="property__inside-item"
              >
                Cable TV
              </li>
              <li
                className="property__inside-item"
              >
                Washing machine
              </li>
              <li
                className="property__inside-item"
              >
                Coffee machine
              </li>
              <li
                className="property__inside-item"
              >
                Dishwasher
              </li>
            </ul>
          </div>
          <div
            className="property__host"
          >
            <h2
              className="property__host-title"
            >
              Meet the host
            </h2>
            <div
              className="property__host-user user"
            >
              <div
                className="property__avatar-wrapper property__avatar-wrapper--pro user__avatar-wrapper"
              >
                <img
                  alt="Host avatar"
                  className="property__avatar user__avatar"
                  height="74"
                  src="/img/avatar-angelina.jpg"
                  width="74"
                />
              </div>
              <span
                className="property__user-name"
              >
                Angelina
              </span>
              <span
                className="property__user-status"
              >
                Pro
              </span>
            </div>
            <div
              className="property__description"
            >
              <p
                className="property__text"
              >
                A quiet cozy and picturesque that hides behind a a river by the unique lightness of Amsterdam. The building is green and from 18th century.
              </p>
            </div>
          </div>
          <section
            className="property__reviews reviews"
          >
            <h2
              className="reviews__title"
            >
              Reviews · 
              <span
                className="reviews__amount"
              >
                2
              </span>
            </h2>
            <ul
              className="reviews__list"
            >
              <ReviewItem
                comment={
                  Object {
                    "comment": "Comment",
                    "date": "2019-12-12",
                    "id": 1,
                    "rating": 3,
                    "user": Object {
                      "avatarUrl": "/img/avatar-angelina.jpg",
                      "id": 1,
                      "isPro": true,
                      "name": "Angelina",
                    },
                  }
                }
              />
              <ReviewItem
                comment={
                  Object {
                    "comment": "Comment2",
                    "date": "2019-12-15",
                    "id": 2,
                    "rating": 4,
                    "user": Object {
                      "avatarUrl": "/img/avatar-angelina.jpg",
                      "id": 2,
                      "isPro": true,
                      "name": "Angelina",
                    },
                  }
                }
              />
            </ul>
            <ReviewForm
              offerId={1}
              onCommentChange={[Function]}
              onRatingClick={[Function]}
              rating={null}
              resetForm={[Function]}
              review=""
            />
          </section>
        </div>
      </div>
      <section
        className="property__map map"
      >
        <Map
          offersLocations={
            Array [
              undefined,
              undefined,
              undefined,
            ]
          }
        />
      </section>
    </section>
    <div
      className="container"
    >
      <section
        className="near-places places"
      >
        <h2
          className="near-places__title"
        >
          Other places in the neighbourhood
        </h2>
        <div
          className="near-places__list places__list"
        >
          <Card
            changeActiveOffer={[Function]}
            offer={
              Object {
                "bedrooms": 2,
                "description": "A quiet cozy and picturesque that hides behind a a river",
                "goods": Array [
                  "Heating",
                  "Kitchen",
                  "Cable TV",
                  "Washing machine",
                  "Coffee machine",
                  "Dishwasher",
                ],
                "id": 1,
                "images": Array [
                  "/img/room.jpg",
                  "/img/apartment-01.jpg",
                  "/img/studio-01.jpg",
                ],
                "isFavorite": true,
                "isPremium": true,
                "maxAdults": 2,
                "previewImage": "/img/apartment-01.jpg",
                "price": 80,
                "rating": 4.4,
                "title": "Beautiful & luxurious apartment at great location",
                "type": "apartment",
              }
            }
          />
          <Card
            changeActiveOffer={[Function]}
            offer={
              Object {
                "bedrooms": 5,
                "description": "A quiet cozy and picturesque that hides behind a a river1",
                "goods": Array [
                  "Heating",
                  "Kitchen",
                  "Cable TV",
                  "Washing machine",
                  "Coffee machine",
                ],
                "id": 2,
                "images": Array [
                  "/img/room.jpg",
                  "/img/apartment-01.jpg",
                  "/img/studio-01.jpg",
                ],
                "isFavorite": true,
                "isPremium": false,
                "maxAdults": 3,
                "previewImage": "/img/apartment-01.jpg",
                "price": 180,
                "rating": 2.4,
                "title": "Beautiful & luxurious apartment at great location2",
                "type": "apartment",
              }
            }
          />
          <Card
            changeActiveOffer={[Function]}
            offer={
              Object {
                "bedrooms": 5,
                "description": "A quiet cozy and picturesque that hides behind a a river22",
                "goods": Array [
                  "Heating",
                  "Kitchen",
                  "Cable TV",
                  "Washing machine",
                ],
                "id": 3,
                "images": Array [
                  "/img/room.jpg",
                  "/img/apartment-01.jpg",
                ],
                "isFavorite": false,
                "isPremium": true,
                "maxAdults": 4,
                "previewImage": "/img/apartment-01.jpg",
                "price": 820,
                "rating": 4.9,
                "title": "Beautiful & luxurious apartment at great location33",
                "type": "room",
              }
            }
          />
        </div>
      </section>
    </div>
  </main>
</div>
`;
